{
  "components" : {
    "schemas" : {
      "test.io.smallrye.openapi.runtime.scanner.entities.BuzzLinkedList" : {
        "properties" : {
          "next" : {
            "description" : "Cyclic reference to test.io.smallrye.openapi.runtime.scanner.entities.BuzzLinkedList",
            "type" : "object"
          }
        }
      }
    }
  }
}
