{
  "components" : {
    "schemas" : {
      "test.io.smallrye.openapi.runtime.scanner.entities.EnumContainer" : {
        "properties" : {
          "bazEnum" : {
            "enum" : [ "Gold", "Green", "Orange" ],
            "type" : "string"
          }
        }
      }
    }
  }
}
